[2025-09-08 05:49:21] [INFO] Contraseña migrada para usuario ID: 2
[2025-09-08 05:49:21] [INFO] Login exitoso para usuario: juanadmin
[2025-09-08 05:49:57] [INFO] Login exitoso para usuario: juanadmin
[2025-09-08 05:54:07] [INFO] Login exitoso para usuario: juanadmin
[2025-09-08 05:54:51] [INFO] Login exitoso para usuario: juanadmin
[2025-09-08 05:56:10] [INFO] Login exitoso para usuario: juanadmin
[2025-09-08 06:00:50] [INFO] Logout para usuario: juanadmin
[2025-09-08 06:00:54] [INFO] Login exitoso para usuario: juanadmin
[2025-09-08 06:08:22] [INFO] Logout para usuario: juanadmin
[2025-09-08 06:08:28] [INFO] Login exitoso para usuario: juanadmin
[2025-09-08 06:11:03] [INFO] Logout para usuario: juanadmin
[2025-09-08 06:11:08] [INFO] Login exitoso para usuario: juanadmin
[2025-09-08 06:13:01] [INFO] Logout para usuario: juanadmin
[2025-09-08 06:13:22] [INFO] Contraseña migrada para usuario ID: 1
[2025-09-08 06:13:22] [INFO] Login exitoso para usuario: secretaria02
[2025-09-08 06:13:27] [INFO] Logout para usuario: secretaria02
[2025-09-08 06:16:36] [INFO] Login exitoso para usuario: juanadmin
[2025-09-08 06:18:21] [INFO] Logout para usuario: juanadmin
[2025-09-08 06:18:24] [INFO] Login exitoso para usuario: juanadmin
[2025-09-08 06:20:35] [INFO] Logout para usuario: juanadmin
[2025-09-08 06:20:38] [INFO] Login exitoso para usuario: secretaria02
[2025-09-08 06:20:52] [INFO] Logout para usuario: secretaria02
[2025-09-08 06:21:06] [INFO] Login exitoso para usuario: secretaria02
[2025-09-08 06:22:05] [INFO] Logout para usuario: secretaria02
[2025-09-08 06:22:09] [INFO] Login exitoso para usuario: juanadmin
[2025-09-08 06:53:43] [INFO] Logout para usuario: juanadmin
[2025-09-08 06:53:45] [INFO] Login exitoso para usuario: juanadmin
[2025-09-08 07:18:14] [INFO] Logout para usuario: juanadmin
[2025-09-08 07:18:17] [INFO] Login exitoso para usuario: secretaria02
[2025-09-08 07:18:34] [INFO] Logout para usuario: secretaria02
[2025-09-08 07:18:36] [INFO] Login exitoso para usuario: secretaria02
[2025-09-08 07:18:44] [INFO] Logout para usuario: secretaria02
[2025-09-08 07:18:47] [INFO] Login exitoso para usuario: juanadmin
[2025-09-08 07:23:19] [INFO] Logout para usuario: juanadmin
[2025-09-08 07:23:33] [INFO] Login exitoso para usuario: juanadmin
[2025-09-08 07:24:46] [INFO] Login exitoso para usuario: juanadmin
[2025-09-08 07:26:45] [INFO] Login exitoso para usuario: juanadmin
[2025-09-08 07:27:47] [INFO] Logout para usuario: juanadmin
[2025-09-08 07:27:49] [INFO] Login exitoso para usuario: juanadmin
[2025-09-08 07:28:57] [INFO] Login exitoso para usuario: juanadmin
[2025-09-08 07:57:44] [INFO] Logout para usuario: juanadmin
[2025-09-08 07:58:09] [INFO] Login exitoso para usuario: juanadmin
[2025-09-08 08:00:59] [INFO] Logout para usuario: juanadmin
[2025-09-08 08:01:05] [INFO] Login exitoso para usuario: juanadmin
[2025-09-08 08:17:40] [INFO] Logout para usuario: juanadmin
[2025-09-08 08:18:17] [INFO] Login exitoso para usuario: juanadmin
[2025-09-08 08:43:51] [INFO] Logout para usuario: juanadmin
[2025-09-08 08:43:52] [INFO] Login exitoso para usuario: juanadmin
[2025-09-08 09:37:18] [INFO] Logout para usuario: juanadmin
[2025-09-08 09:37:22] [INFO] Login exitoso para usuario: secretaria02
[2025-09-08 09:37:38] [INFO] Login exitoso para usuario: secretaria02
[2025-09-08 09:38:27] [INFO] Logout para usuario: secretaria02
[2025-09-08 09:38:31] [INFO] Login exitoso para usuario: juanadmin
[2025-09-08 10:08:09] [INFO] Logout para usuario: juanadmin
[2025-09-08 10:08:12] [INFO] Login exitoso para usuario: secretaria02
[2025-09-08 10:13:46] [INFO] Logout para usuario: secretaria02
[2025-09-08 10:13:50] [INFO] Login exitoso para usuario: juanadmin
[2025-09-08 10:15:04] [INFO] Logout para usuario: juanadmin
[2025-09-08 10:15:08] [INFO] Login exitoso para usuario: secretaria02
[2025-09-08 10:21:24] [INFO] Logout para usuario: secretaria02
[2025-09-08 10:21:39] [INFO] Login exitoso para usuario: secretaria02
[2025-09-08 10:22:47] [INFO] Logout para usuario: secretaria02
[2025-09-08 10:22:50] [INFO] Login exitoso para usuario: juanadmin
[2025-09-08 10:24:52] [INFO] Logout para usuario: juanadmin
[2025-09-08 10:24:56] [INFO] Login exitoso para usuario: secretaria02
[2025-09-08 10:27:29] [INFO] Logout para usuario: secretaria02
[2025-09-08 10:27:33] [INFO] Login exitoso para usuario: juanadmin
[2025-09-08 10:41:31] [INFO] Logout para usuario: juanadmin
[2025-09-08 10:41:37] [INFO] Login exitoso para usuario: secretaria02
[2025-09-08 18:08:30] [INFO] Login exitoso para usuario: secretaria02
